C:/Dev/Avionics/firmware/prototyping/Simple_LoRa_Reciever_G431KB/Core/Src/main.c:20:5:main	3
C:/Dev/Avionics/firmware/prototyping/Simple_LoRa_Reciever_G431KB/Core/Src/main.c:65:6:SystemClock_Config	3
C:/Dev/Avionics/firmware/prototyping/Simple_LoRa_Reciever_G431KB/Core/Src/main.c:99:13:MX_SPI1_Init	2
C:/Dev/Avionics/firmware/prototyping/Simple_LoRa_Reciever_G431KB/Core/Src/main.c:131:13:MX_USART2_UART_Init	5
C:/Dev/Avionics/firmware/prototyping/Simple_LoRa_Reciever_G431KB/Core/Src/main.c:169:13:MX_GPIO_Init	1
C:/Dev/Avionics/firmware/prototyping/Simple_LoRa_Reciever_G431KB/Core/Src/main.c:212:6:EXTI0_IRQHandler	1
C:/Dev/Avionics/firmware/prototyping/Simple_LoRa_Reciever_G431KB/Core/Src/main.c:216:6:EXTI1_IRQHandler	1
C:/Dev/Avionics/firmware/prototyping/Simple_LoRa_Reciever_G431KB/Core/Src/main.c:220:6:EXTI2_IRQHandler	1
C:/Dev/Avionics/firmware/prototyping/Simple_LoRa_Reciever_G431KB/Core/Src/main.c:224:6:EXTI3_IRQHandler	1
C:/Dev/Avionics/firmware/prototyping/Simple_LoRa_Reciever_G431KB/Core/Src/main.c:228:6:EXTI4_IRQHandler	1
C:/Dev/Avionics/firmware/prototyping/Simple_LoRa_Reciever_G431KB/Core/Src/main.c:232:6:EXTI9_5_IRQHandler	6
C:/Dev/Avionics/firmware/prototyping/Simple_LoRa_Reciever_G431KB/Core/Src/main.c:247:6:EXTI15_10_IRQHandler	7
C:/Dev/Avionics/firmware/prototyping/Simple_LoRa_Reciever_G431KB/Core/Src/main.c:264:6:Error_Handler	1
