C:/Dev/Avionics/firmware/prototyping/Simple_LoRa_Reciever_G431KB/Core/Src/main.c:72:5:main	40	static
C:/Dev/Avionics/firmware/prototyping/Simple_LoRa_Reciever_G431KB/Core/Src/main.c:127:6:SystemClock_Config	88	static
C:/Dev/Avionics/firmware/prototyping/Simple_LoRa_Reciever_G431KB/Core/Src/main.c:174:13:MX_SPI1_Init	8	static
C:/Dev/Avionics/firmware/prototyping/Simple_LoRa_Reciever_G431KB/Core/Src/main.c:214:13:MX_USART2_UART_Init	8	static
C:/Dev/Avionics/firmware/prototyping/Simple_LoRa_Reciever_G431KB/Core/Src/main.c:262:13:MX_GPIO_Init	40	static
C:/Dev/Avionics/firmware/prototyping/Simple_LoRa_Reciever_G431KB/Core/Src/main.c:323:6:Error_Handler	4	static,ignoring_inline_asm
