C:/Dev/Avionics/firmware/prototyping/Simple_LoRa_Reciever_G431KB/Core/Src/main.c:19:5:main	3
C:/Dev/Avionics/firmware/prototyping/Simple_LoRa_Reciever_G431KB/Core/Src/main.c:64:6:SystemClock_Config	3
C:/Dev/Avionics/firmware/prototyping/Simple_LoRa_Reciever_G431KB/Core/Src/main.c:98:13:MX_SPI1_Init	2
C:/Dev/Avionics/firmware/prototyping/Simple_LoRa_Reciever_G431KB/Core/Src/main.c:130:13:MX_USART2_UART_Init	5
C:/Dev/Avionics/firmware/prototyping/Simple_LoRa_Reciever_G431KB/Core/Src/main.c:168:13:MX_GPIO_Init	1
C:/Dev/Avionics/firmware/prototyping/Simple_LoRa_Reciever_G431KB/Core/Src/main.c:211:6:EXTI0_IRQHandler	1
C:/Dev/Avionics/firmware/prototyping/Simple_LoRa_Reciever_G431KB/Core/Src/main.c:215:6:EXTI1_IRQHandler	1
C:/Dev/Avionics/firmware/prototyping/Simple_LoRa_Reciever_G431KB/Core/Src/main.c:219:6:EXTI2_IRQHandler	1
C:/Dev/Avionics/firmware/prototyping/Simple_LoRa_Reciever_G431KB/Core/Src/main.c:223:6:EXTI3_IRQHandler	1
C:/Dev/Avionics/firmware/prototyping/Simple_LoRa_Reciever_G431KB/Core/Src/main.c:227:6:EXTI4_IRQHandler	1
C:/Dev/Avionics/firmware/prototyping/Simple_LoRa_Reciever_G431KB/Core/Src/main.c:231:6:EXTI9_5_IRQHandler	6
C:/Dev/Avionics/firmware/prototyping/Simple_LoRa_Reciever_G431KB/Core/Src/main.c:246:6:EXTI15_10_IRQHandler	7
C:/Dev/Avionics/firmware/prototyping/Simple_LoRa_Reciever_G431KB/Core/Src/main.c:263:6:Error_Handler	1
