C:/Dev/Avionics/firmware/prototyping/test/Core/Src/main.c:73:5:main	1
C:/Dev/Avionics/firmware/prototyping/test/Core/Src/main.c:121:6:SystemClock_Config	3
C:/Dev/Avionics/firmware/prototyping/test/Core/Src/main.c:167:13:MX_I2C2_Init	4
C:/Dev/Avionics/firmware/prototyping/test/Core/Src/main.c:215:13:MX_SPI1_Init	2
C:/Dev/Avionics/firmware/prototyping/test/Core/Src/main.c:255:13:MX_SPI2_Init	2
C:/Dev/Avionics/firmware/prototyping/test/Core/Src/main.c:295:13:MX_SPI3_Init	2
C:/Dev/Avionics/firmware/prototyping/test/Core/Src/main.c:335:13:MX_GPIO_Init	1
C:/Dev/Avionics/firmware/prototyping/test/Core/Src/main.c:384:6:Error_Handler	1
